// Jest Snapshot v1, https://goo.gl/fbAQLP

exports[`renders correctly 1`] = `
<View
  style={
    Array [
      Object {
        "height": "100%",
      },
    ]
  }
>
  <View
    pointerEvents="box-none"
    style={
      Array [
        Object {
          "flex": 1,
        },
        Object {
          "flex": 0,
        },
      ]
    }
  >
    <View
      style={
        Array [
          Object {
            "flexDirection": "row",
          },
          undefined,
        ]
      }
    >
      <TextInput
        allowFontScaling={true}
        clearButtonMode="while-editing"
        onBlur={[Function]}
        onChangeText={[Function]}
        onFocus={[Function]}
        placeholder="Where from?"
        rejectResponderTermination={true}
        style={
          Array [
            Object {
              "backgroundColor": "#FFFFFF",
              "borderRadius": 5,
              "flex": 1,
              "fontSize": 15,
              "height": 44,
              "marginBottom": 5,
              "paddingHorizontal": 10,
              "paddingVertical": 5,
            },
            Object {
              "fontSize": 18,
            },
          ]
        }
        underlineColorAndroid="transparent"
        value=""
      />
    </View>
  </View>
  <AIRMap
    handlePanDrag={false}
    initialRegion={null}
    mapType="mutedStandard"
    onChange={[Function]}
    onLayout={[Function]}
    onMapReady={[Function]}
    onMarkerPress={[Function]}
    region={
      Object {
        "latitude": 37.78825,
        "latitudeDelta": 0.015,
        "longitude": -122.4324,
        "longitudeDelta": 0.0121,
      }
    }
    style={
      Object {
        "flexBasis": "0%",
        "flexGrow": 1,
        "flexShrink": 1,
      }
    }
  />
</View>
`;
